2025-07-07 20:21:16,527 - INFO - Login event - Username: admin, Status: success
2025-07-07 20:21:16,527 - WARNING - Login event - Username: admin, Status: expired
2025-07-07 20:21:16,527 - ERROR - Login event - Username: admin, Status: failed
2025-07-07 20:21:16,527 - ERROR - Login event - Username: admin, Status: unknown
2025-07-07 20:24:58,691 - INFO - Login event - Username: alice, Status: success
2025-07-07 20:24:58,707 - WARNING - Login event - Username: bob, Status: expired
2025-07-07 20:24:58,723 - ERROR - Login event - Username: carol, Status: failed
2025-07-07 20:24:58,744 - ERROR - Login event - Username: dave, Status: invalid
2025-07-07 22:43:21,606 - INFO - Login event - Username: admin, Status: success
2025-07-07 22:43:21,607 - WARNING - Login event - Username: admin, Status: expired
2025-07-07 22:43:21,607 - ERROR - Login event - Username: admin, Status: failed
2025-07-07 22:43:21,607 - ERROR - Login event - Username: admin, Status: unknown
2025-07-07 22:52:47,421 - INFO - Login event - Username: admin, Status: success
2025-07-07 22:52:47,421 - WARNING - Login event - Username: admin, Status: expired
2025-07-07 22:52:47,421 - ERROR - Login event - Username: admin, Status: failed
2025-07-07 22:52:47,421 - ERROR - Login event - Username: admin, Status: unknown
2025-07-07 23:52:25,333 - INFO - Login event - Username: admin, Status: success
2025-07-07 23:52:25,334 - WARNING - Login event - Username: admin, Status: expired
2025-07-07 23:52:25,334 - ERROR - Login event - Username: admin, Status: failed
2025-07-07 23:52:25,334 - ERROR - Login event - Username: admin, Status: unknown
2025-07-09 16:56:56,914 - INFO - Login event - Username: admin, Status: success
2025-07-09 16:56:56,914 - WARNING - Login event - Username: admin, Status: expired
2025-07-09 16:56:56,914 - ERROR - Login event - Username: admin, Status: failed
2025-07-09 16:56:56,914 - ERROR - Login event - Username: admin, Status: unknown
2025-07-09 16:57:05,866 - INFO - Login event - Username: admin, Status: success
2025-07-09 16:57:05,866 - WARNING - Login event - Username: admin, Status: expired
2025-07-09 16:57:05,866 - ERROR - Login event - Username: admin, Status: failed
2025-07-09 16:57:05,866 - ERROR - Login event - Username: admin, Status: unknown
2025-07-09 16:57:41,649 - INFO - Login event - Username: admin, Status: success
2025-07-09 16:57:41,649 - WARNING - Login event - Username: admin, Status: expired
2025-07-09 16:57:41,649 - ERROR - Login event - Username: admin, Status: failed
2025-07-09 16:57:41,649 - ERROR - Login event - Username: admin, Status: unknown
